0 info it worked if it ends with ok
1 verbose cli [ '/Users/admin/.nvm/versions/node/v6.9.0/bin/node',
1 verbose cli   '/Users/admin/.nvm/versions/node/v6.9.0/bin/npm',
1 verbose cli   'install',
1 verbose cli   'fibers@',
1 verbose cli   '3.1.0' ]
2 info using npm@3.10.8
3 info using node@v6.9.0
4 silly loadCurrentTree Starting
5 silly install loadCurrentTree
6 silly install readLocalPackageData
7 silly fetchPackageMetaData fibers@
8 silly fetchPackageMetaData 3.1.0
9 silly fetchNamedPackageData fibers
10 silly mapToRegistry name fibers
11 silly mapToRegistry using default registry
12 silly mapToRegistry registry https://npm.apple.com/
13 silly mapToRegistry data Result {
13 silly mapToRegistry   raw: 'fibers',
13 silly mapToRegistry   scope: null,
13 silly mapToRegistry   escapedName: 'fibers',
13 silly mapToRegistry   name: 'fibers',
13 silly mapToRegistry   rawSpec: '',
13 silly mapToRegistry   spec: 'latest',
13 silly mapToRegistry   type: 'tag' }
14 silly mapToRegistry uri https://npm.apple.com/fibers
15 silly fetchNamedPackageData 3.1.0
16 silly mapToRegistry name 3.1.0
17 silly mapToRegistry using default registry
18 silly mapToRegistry registry https://npm.apple.com/
19 silly mapToRegistry data Result {
19 silly mapToRegistry   raw: '3.1.0',
19 silly mapToRegistry   scope: null,
19 silly mapToRegistry   escapedName: '3.1.0',
19 silly mapToRegistry   name: '3.1.0',
19 silly mapToRegistry   rawSpec: '',
19 silly mapToRegistry   spec: 'latest',
19 silly mapToRegistry   type: 'tag' }
20 silly mapToRegistry uri https://npm.apple.com/3.1.0
21 verbose request uri https://npm.apple.com/3.1.0
22 verbose request no auth needed
23 info attempt registry request try #1 at 11:18:02 AM
24 verbose request id 14bbdde082b016bc
25 http request GET https://npm.apple.com/3.1.0
26 verbose request uri https://npm.apple.com/fibers
27 verbose request no auth needed
28 info attempt registry request try #1 at 11:18:02 AM
29 http request GET https://npm.apple.com/fibers
30 http 200 https://npm.apple.com/fibers
31 verbose headers { server: 'AppleHttpServer/0235248b922d398fdf3c32958d74a46d33cfd72f',
31 verbose headers   date: 'Thu, 13 Mar 2025 18:18:03 GMT',
31 verbose headers   'content-type': 'application/json',
31 verbose headers   'transfer-encoding': 'chunked',
31 verbose headers   connection: 'keep-alive',
31 verbose headers   'x-jfrog-version': 'Artifactory/7.98.10 79810900',
31 verbose headers   'x-artifactory-id': 'd9fc61fda34fe7459dd78a9bc16e1eb60540dc38',
31 verbose headers   'x-artifactory-node-id': 'artifact005.usmsc40.pie.apple.com',
31 verbose headers   'x-checksum-sha1': '9553ccffae31ca5b7bec1aba76b8011becf320e4',
31 verbose headers   vary: 'X-UA-Interactive',
31 verbose headers   'cache-control': 's-max-age=311, max-age=317',
31 verbose headers   'content-encoding': 'gzip',
31 verbose headers   'x-origin-date': 'Thu, 13 Mar 2025 18:18:03 GMT',
31 verbose headers   'x-origin-age': '0.14499998092651',
31 verbose headers   'x-age': '917.15499997139',
31 verbose headers   'x-cache-status': 'prod-nginx-cache-16(client):MISS prod-nginx-cache-8(peer):EXPIRED artifactcache007(client):MISS artifactcache008(peer):EXPIRED',
31 verbose headers   'x-cache-served-by': 'prod-nginx-cache-16',
31 verbose headers   'x-proxy-cache-status': 'EXPIRED, MISS',
31 verbose headers   'x-proxy-t2-node-id': 'artifactcache008.usmsc40.pie.apple.com, artifactcache007.usmsc40.pie.apple.com',
31 verbose headers   'strict-transport-security': 'max-age=31536000, max-age=31536000',
31 verbose headers   'x-proxy-node-id': 'prod-nginx-cache-16.acs-artifactory-cache.us-west-2k',
31 verbose headers   'x-b3-traceid': '1e8594ba86ca54b7' }
32 silly get cb [ 200,
32 silly get   { server: 'AppleHttpServer/0235248b922d398fdf3c32958d74a46d33cfd72f',
32 silly get     date: 'Thu, 13 Mar 2025 18:18:03 GMT',
32 silly get     'content-type': 'application/json',
32 silly get     'transfer-encoding': 'chunked',
32 silly get     connection: 'keep-alive',
32 silly get     'x-jfrog-version': 'Artifactory/7.98.10 79810900',
32 silly get     'x-artifactory-id': 'd9fc61fda34fe7459dd78a9bc16e1eb60540dc38',
32 silly get     'x-artifactory-node-id': 'artifact005.usmsc40.pie.apple.com',
32 silly get     'x-checksum-sha1': '9553ccffae31ca5b7bec1aba76b8011becf320e4',
32 silly get     vary: 'X-UA-Interactive',
32 silly get     'cache-control': 's-max-age=311, max-age=317',
32 silly get     'content-encoding': 'gzip',
32 silly get     'x-origin-date': 'Thu, 13 Mar 2025 18:18:03 GMT',
32 silly get     'x-origin-age': '0.14499998092651',
32 silly get     'x-age': '917.15499997139',
32 silly get     'x-cache-status': 'prod-nginx-cache-16(client):MISS prod-nginx-cache-8(peer):EXPIRED artifactcache007(client):MISS artifactcache008(peer):EXPIRED',
32 silly get     'x-cache-served-by': 'prod-nginx-cache-16',
32 silly get     'x-proxy-cache-status': 'EXPIRED, MISS',
32 silly get     'x-proxy-t2-node-id': 'artifactcache008.usmsc40.pie.apple.com, artifactcache007.usmsc40.pie.apple.com',
32 silly get     'strict-transport-security': 'max-age=31536000, max-age=31536000',
32 silly get     'x-proxy-node-id': 'prod-nginx-cache-16.acs-artifactory-cache.us-west-2k',
32 silly get     'x-b3-traceid': '1e8594ba86ca54b7' } ]
33 verbose get saving fibers to /Users/admin/.npm/npm.apple.com/fibers/.cache.json
34 verbose correctMkdir /Users/admin/.npm correctMkdir not in flight; initializing
35 http 404 https://npm.apple.com/3.1.0
36 verbose headers { server: 'AppleHttpServer/0235248b922d398fdf3c32958d74a46d33cfd72f',
36 verbose headers   date: 'Thu, 13 Mar 2025 18:18:03 GMT',
36 verbose headers   'content-type': 'application/json',
36 verbose headers   'transfer-encoding': 'chunked',
36 verbose headers   connection: 'keep-alive',
36 verbose headers   'x-jfrog-version': 'Artifactory/7.98.10 79810900',
36 verbose headers   'x-artifactory-id': '7995b9ee3d6510507ed335ebc02c757b0f777411',
36 verbose headers   'x-artifactory-node-id': 'artifact008.usmsc40.pie.apple.com',
36 verbose headers   vary: 'X-UA-Interactive',
36 verbose headers   'content-encoding': 'gzip',
36 verbose headers   'x-origin-date': 'Thu, 13 Mar 2025 18:18:03 GMT',
36 verbose headers   'x-origin-age': '0.36400008201599',
36 verbose headers   'x-age': '13288.433000088',
36 verbose headers   'x-cache-status': 'prod-nginx-cache-canary-0(client):MISS prod-nginx-cache-16(peer):MISS artifactcache004(client):MISS artifactcache007(peer):MISS',
36 verbose headers   'x-cache-served-by': 'prod-nginx-cache-canary-0',
36 verbose headers   'x-proxy-cache-status': 'MISS, MISS',
36 verbose headers   'x-proxy-t2-node-id': 'artifactcache007.usmsc40.pie.apple.com, artifactcache004.usmsc40.pie.apple.com',
36 verbose headers   'strict-transport-security': 'max-age=31536000, max-age=31536000',
36 verbose headers   'x-proxy-node-id': 'prod-nginx-cache-canary-0.acs-artifactory-cache.us-west-2k',
36 verbose headers   'x-b3-traceid': 'c78f179a4ea88d2b' }
37 silly get cb [ 404,
37 silly get   { server: 'AppleHttpServer/0235248b922d398fdf3c32958d74a46d33cfd72f',
37 silly get     date: 'Thu, 13 Mar 2025 18:18:03 GMT',
37 silly get     'content-type': 'application/json',
37 silly get     'transfer-encoding': 'chunked',
37 silly get     connection: 'keep-alive',
37 silly get     'x-jfrog-version': 'Artifactory/7.98.10 79810900',
37 silly get     'x-artifactory-id': '7995b9ee3d6510507ed335ebc02c757b0f777411',
37 silly get     'x-artifactory-node-id': 'artifact008.usmsc40.pie.apple.com',
37 silly get     vary: 'X-UA-Interactive',
37 silly get     'content-encoding': 'gzip',
37 silly get     'x-origin-date': 'Thu, 13 Mar 2025 18:18:03 GMT',
37 silly get     'x-origin-age': '0.36400008201599',
37 silly get     'x-age': '13288.433000088',
37 silly get     'x-cache-status': 'prod-nginx-cache-canary-0(client):MISS prod-nginx-cache-16(peer):MISS artifactcache004(client):MISS artifactcache007(peer):MISS',
37 silly get     'x-cache-served-by': 'prod-nginx-cache-canary-0',
37 silly get     'x-proxy-cache-status': 'MISS, MISS',
37 silly get     'x-proxy-t2-node-id': 'artifactcache007.usmsc40.pie.apple.com, artifactcache004.usmsc40.pie.apple.com',
37 silly get     'strict-transport-security': 'max-age=31536000, max-age=31536000',
37 silly get     'x-proxy-node-id': 'prod-nginx-cache-canary-0.acs-artifactory-cache.us-west-2k',
37 silly get     'x-b3-traceid': 'c78f179a4ea88d2b' } ]
38 silly fetchPackageMetaData Error: Registry returned 404 for GET on https://npm.apple.com/3.1.0
38 silly fetchPackageMetaData     at makeError (/Users/admin/.nvm/versions/node/v6.9.0/lib/node_modules/npm/node_modules/npm-registry-client/lib/request.js:302:12)
38 silly fetchPackageMetaData     at CachingRegistryClient.<anonymous> (/Users/admin/.nvm/versions/node/v6.9.0/lib/node_modules/npm/node_modules/npm-registry-client/lib/request.js:280:14)
38 silly fetchPackageMetaData     at /Users/admin/.nvm/versions/node/v6.9.0/lib/node_modules/npm/node_modules/npm-registry-client/lib/request.js:216:7
38 silly fetchPackageMetaData     at Gunzip.onEnd (zlib.js:227:5)
38 silly fetchPackageMetaData     at emitNone (events.js:91:20)
38 silly fetchPackageMetaData     at Gunzip.emit (events.js:185:7)
38 silly fetchPackageMetaData     at endReadableNT (_stream_readable.js:974:12)
38 silly fetchPackageMetaData     at _combinedTickCallback (internal/process/next_tick.js:74:11)
38 silly fetchPackageMetaData     at process._tickCallback (internal/process/next_tick.js:98:9)
38 silly fetchPackageMetaData  error for 3.1.0 { Error: Registry returned 404 for GET on https://npm.apple.com/3.1.0
38 silly fetchPackageMetaData     at makeError (/Users/admin/.nvm/versions/node/v6.9.0/lib/node_modules/npm/node_modules/npm-registry-client/lib/request.js:302:12)
38 silly fetchPackageMetaData     at CachingRegistryClient.<anonymous> (/Users/admin/.nvm/versions/node/v6.9.0/lib/node_modules/npm/node_modules/npm-registry-client/lib/request.js:280:14)
38 silly fetchPackageMetaData     at /Users/admin/.nvm/versions/node/v6.9.0/lib/node_modules/npm/node_modules/npm-registry-client/lib/request.js:216:7
38 silly fetchPackageMetaData     at Gunzip.onEnd (zlib.js:227:5)
38 silly fetchPackageMetaData     at emitNone (events.js:91:20)
38 silly fetchPackageMetaData     at Gunzip.emit (events.js:185:7)
38 silly fetchPackageMetaData     at endReadableNT (_stream_readable.js:974:12)
38 silly fetchPackageMetaData     at _combinedTickCallback (internal/process/next_tick.js:74:11)
38 silly fetchPackageMetaData     at process._tickCallback (internal/process/next_tick.js:98:9) pkgid: '3.1.0', statusCode: 404, code: 'E404' }
39 silly rollbackFailedOptional Starting
40 silly rollbackFailedOptional Finishing
41 silly runTopLevelLifecycles Finishing
42 silly install printInstalled
43 verbose stack Error: Registry returned 404 for GET on https://npm.apple.com/3.1.0
43 verbose stack     at makeError (/Users/admin/.nvm/versions/node/v6.9.0/lib/node_modules/npm/node_modules/npm-registry-client/lib/request.js:302:12)
43 verbose stack     at CachingRegistryClient.<anonymous> (/Users/admin/.nvm/versions/node/v6.9.0/lib/node_modules/npm/node_modules/npm-registry-client/lib/request.js:280:14)
43 verbose stack     at /Users/admin/.nvm/versions/node/v6.9.0/lib/node_modules/npm/node_modules/npm-registry-client/lib/request.js:216:7
43 verbose stack     at Gunzip.onEnd (zlib.js:227:5)
43 verbose stack     at emitNone (events.js:91:20)
43 verbose stack     at Gunzip.emit (events.js:185:7)
43 verbose stack     at endReadableNT (_stream_readable.js:974:12)
43 verbose stack     at _combinedTickCallback (internal/process/next_tick.js:74:11)
43 verbose stack     at process._tickCallback (internal/process/next_tick.js:98:9)
44 verbose statusCode 404
45 verbose pkgid 3.1.0
46 verbose cwd /Users/admin/Sites/harvest-moon-weather-calculator
47 error Darwin 23.5.0
48 error argv "/Users/admin/.nvm/versions/node/v6.9.0/bin/node" "/Users/admin/.nvm/versions/node/v6.9.0/bin/npm" "install" "fibers@" "3.1.0"
49 error node v6.9.0
50 error npm  v3.10.8
51 error code E404
52 error 404 Registry returned 404 for GET on https://npm.apple.com/3.1.0
53 error 404
54 error 404 '3.1.0' is not in the npm registry.
55 error 404 You should bug the author to publish it (or use the name yourself!)
56 error 404 Note that you can also install from a
57 error 404 tarball, folder, http url, or git url.
58 verbose exit [ 1, true ]
